// Jest Snapshot v1, https://goo.gl/fbAQLP

exports[`Indecision Component should match snapshot 1`] = `
<!--v-if-->
<div class="bg-dark"></div>
<div class="container-indecision"><input type="text" placeholder="Que quieres saber?">
  <p>Porfavor introduzca una pregunta</p>
  <!--v-if-->
</div>
`;
